/home/satvik/hdcompass/.venv/lib/python3.12/site-packages/pynapple/io/interface_nwb.py:133: UserWarning: DataFrame is not sorted by start times. Sorting it.
  data = nap.IntervalSet(df)
ring_score=1.04 is_ring=False
wrote results/mouse32/report.json
	Command being timed: ".venv/bin/python scripts/run_mouse32.py"
	User time (seconds): 364.53
	System time (seconds): 74.99
	Percent of CPU this job got: 61%
	Elapsed (wall clock) time (h:mm:ss or m:ss): 12:00.47
	Average shared text size (kbytes): 0
	Average unshared data size (kbytes): 0
	Average stack size (kbytes): 0
	Average total size (kbytes): 0
	Maximum resident set size (kbytes): 2749564
	Average resident set size (kbytes): 0
	Major (requiring I/O) page faults: 19
	Minor (reclaiming a frame) page faults: 10673914
	Voluntary context switches: 4946
	Involuntary context switches: 114938
	Swaps: 0
	File system inputs: 4352
	File system outputs: 496
	Socket messages sent: 0
	Socket messages received: 0
	Signals delivered: 0
	Page size (bytes): 4096
	Exit status: 0
