/home/satvik/hdcompass/.venv/lib/python3.12/site-packages/pynapple/io/interface_nwb.py:133: UserWarning: DataFrame is not sorted by start times. Sorting it.
  data = nap.IntervalSet(df)
ring_score=4.92 is_ring=True
wrote results/mouse32_frozen/report.json
	Command being timed: ".venv/bin/python scripts/run_mouse32.py --out results/mouse32_frozen --overwrite"
	User time (seconds): 369.48
	System time (seconds): 42.49
	Percent of CPU this job got: 215%
	Elapsed (wall clock) time (h:mm:ss or m:ss): 3:11.36
	Average shared text size (kbytes): 0
	Average unshared data size (kbytes): 0
	Average stack size (kbytes): 0
	Average total size (kbytes): 0
	Maximum resident set size (kbytes): 2732832
	Average resident set size (kbytes): 0
	Major (requiring I/O) page faults: 0
	Minor (reclaiming a frame) page faults: 10995839
	Voluntary context switches: 5912
	Involuntary context switches: 33847
	Swaps: 0
	File system inputs: 0
	File system outputs: 496
	Socket messages sent: 0
	Socket messages received: 0
	Signals delivered: 0
	Page size (bytes): 4096
	Exit status: 0
