36 configurations
wrote results/sweep_frozen/report.json
	Command being timed: ".venv/bin/python scripts/run_synthetic_sweep.py --out results/sweep_frozen"
	User time (seconds): 3537.96
	System time (seconds): 171.17
	Percent of CPU this job got: 325%
	Elapsed (wall clock) time (h:mm:ss or m:ss): 18:58.74
	Average shared text size (kbytes): 0
	Average unshared data size (kbytes): 0
	Average stack size (kbytes): 0
	Average total size (kbytes): 0
	Maximum resident set size (kbytes): 1292736
	Average resident set size (kbytes): 0
	Major (requiring I/O) page faults: 0
	Minor (reclaiming a frame) page faults: 39757201
	Voluntary context switches: 41100
	Involuntary context switches: 233040
	Swaps: 0
	File system inputs: 0
	File system outputs: 160
	Socket messages sent: 0
	Socket messages received: 0
	Signals delivered: 0
	Page size (bytes): 4096
	Exit status: 0
