36 configurations
wrote results/sweep/report.json
	Command being timed: ".venv/bin/python scripts/run_synthetic_sweep.py"
	User time (seconds): 2862.32
	System time (seconds): 127.51
	Percent of CPU this job got: 76%
	Elapsed (wall clock) time (h:mm:ss or m:ss): 1:04:51
	Average shared text size (kbytes): 0
	Average unshared data size (kbytes): 0
	Average stack size (kbytes): 0
	Average total size (kbytes): 0
	Maximum resident set size (kbytes): 1290924
	Average resident set size (kbytes): 0
	Major (requiring I/O) page faults: 0
	Minor (reclaiming a frame) page faults: 20155973
	Voluntary context switches: 22899
	Involuntary context switches: 733691
	Swaps: 0
	File system inputs: 232
	File system outputs: 168
	Socket messages sent: 0
	Socket messages received: 0
	Signals delivered: 0
	Page size (bytes): 4096
	Exit status: 0
